Started server process [13356]
Waiting for application startup.
{"detail": "using the committed development default; set JWT_SECRET before deploying", "event": "insecure_jwt_secret", "level": "warning", "timestamp": "2026-07-13T18:54:31.837027Z"}
{"model": "intfloat/multilingual-e5-small", "event": "loading_embedder", "level": "info", "timestamp": "2026-07-13T18:54:31.838027Z"}
No device provided, using cpu
HTTP Request: HEAD https://huggingface.co/intfloat/multilingual-e5-small/resolve/main/modules.json "HTTP/1.1 307 Temporary Redirect"
HTTP Request: HEAD https://huggingface.co/api/resolve-cache/models/intfloat/multilingual-e5-small/614241f622f53c4eeff9890bdc4f31cfecc418b3/modules.json "HTTP/1.1 200 OK"
HTTP Request: HEAD https://huggingface.co/intfloat/multilingual-e5-small/resolve/main/config_sentence_transformers.json "HTTP/1.1 404 Not Found"
Loading SentenceTransformer model from intfloat/multilingual-e5-small.
HTTP Request: HEAD https://huggingface.co/intfloat/multilingual-e5-small/resolve/main/config_sentence_transformers.json "HTTP/1.1 404 Not Found"
HTTP Request: HEAD https://huggingface.co/intfloat/multilingual-e5-small/resolve/main/README.md "HTTP/1.1 307 Temporary Redirect"
HTTP Request: HEAD https://huggingface.co/api/resolve-cache/models/intfloat/multilingual-e5-small/614241f622f53c4eeff9890bdc4f31cfecc418b3/README.md "HTTP/1.1 200 OK"
HTTP Request: HEAD https://huggingface.co/intfloat/multilingual-e5-small/resolve/main/modules.json "HTTP/1.1 307 Temporary Redirect"
HTTP Request: HEAD https://huggingface.co/api/resolve-cache/models/intfloat/multilingual-e5-small/614241f622f53c4eeff9890bdc4f31cfecc418b3/modules.json "HTTP/1.1 200 OK"
HTTP Request: HEAD https://huggingface.co/intfloat/multilingual-e5-small/resolve/main/sentence_bert_config.json "HTTP/1.1 307 Temporary Redirect"
HTTP Request: HEAD https://huggingface.co/api/resolve-cache/models/intfloat/multilingual-e5-small/614241f622f53c4eeff9890bdc4f31cfecc418b3/sentence_bert_config.json "HTTP/1.1 200 OK"
HTTP Request: HEAD https://huggingface.co/intfloat/multilingual-e5-small/resolve/main/adapter_config.json "HTTP/1.1 404 Not Found"
HTTP Request: HEAD https://huggingface.co/intfloat/multilingual-e5-small/resolve/main/config.json "HTTP/1.1 307 Temporary Redirect"
HTTP Request: HEAD https://huggingface.co/api/resolve-cache/models/intfloat/multilingual-e5-small/614241f622f53c4eeff9890bdc4f31cfecc418b3/config.json "HTTP/1.1 200 OK"
HTTP Request: HEAD https://huggingface.co/intfloat/multilingual-e5-small/resolve/main/processor_config.json "HTTP/1.1 404 Not Found"
HTTP Request: HEAD https://huggingface.co/intfloat/multilingual-e5-small/resolve/main/preprocessor_config.json "HTTP/1.1 404 Not Found"
HTTP Request: HEAD https://huggingface.co/intfloat/multilingual-e5-small/resolve/main/video_preprocessor_config.json "HTTP/1.1 404 Not Found"
HTTP Request: HEAD https://huggingface.co/intfloat/multilingual-e5-small/resolve/main/preprocessor_config.json "HTTP/1.1 404 Not Found"
HTTP Request: HEAD https://huggingface.co/intfloat/multilingual-e5-small/resolve/main/tokenizer_config.json "HTTP/1.1 307 Temporary Redirect"
HTTP Request: HEAD https://huggingface.co/api/resolve-cache/models/intfloat/multilingual-e5-small/614241f622f53c4eeff9890bdc4f31cfecc418b3/tokenizer_config.json "HTTP/1.1 200 OK"
HTTP Request: HEAD https://huggingface.co/intfloat/multilingual-e5-small/resolve/main/config.json "HTTP/1.1 307 Temporary Redirect"
HTTP Request: HEAD https://huggingface.co/api/resolve-cache/models/intfloat/multilingual-e5-small/614241f622f53c4eeff9890bdc4f31cfecc418b3/config.json "HTTP/1.1 200 OK"
HTTP Request: HEAD https://huggingface.co/intfloat/multilingual-e5-small/resolve/main/config.json "HTTP/1.1 307 Temporary Redirect"
HTTP Request: HEAD https://huggingface.co/api/resolve-cache/models/intfloat/multilingual-e5-small/614241f622f53c4eeff9890bdc4f31cfecc418b3/config.json "HTTP/1.1 200 OK"
HTTP Request: HEAD https://huggingface.co/intfloat/multilingual-e5-small/resolve/main/tokenizer_config.json "HTTP/1.1 307 Temporary Redirect"
HTTP Request: HEAD https://huggingface.co/api/resolve-cache/models/intfloat/multilingual-e5-small/614241f622f53c4eeff9890bdc4f31cfecc418b3/tokenizer_config.json "HTTP/1.1 200 OK"
HTTP Request: HEAD https://huggingface.co/intfloat/multilingual-e5-small/resolve/main/tokenizer_config.json "HTTP/1.1 307 Temporary Redirect"
HTTP Request: HEAD https://huggingface.co/api/resolve-cache/models/intfloat/multilingual-e5-small/614241f622f53c4eeff9890bdc4f31cfecc418b3/tokenizer_config.json "HTTP/1.1 200 OK"
HTTP Request: GET https://huggingface.co/api/models/intfloat/multilingual-e5-small/tree/main/additional_chat_templates?recursive=false&expand=false "HTTP/1.1 404 Not Found"
HTTP Request: GET https://huggingface.co/api/models/intfloat/multilingual-e5-small/tree/main?recursive=true&expand=false "HTTP/1.1 200 OK"
HTTP Request: GET https://huggingface.co/api/models/intfloat/multilingual-e5-small "HTTP/1.1 200 OK"
HTTP Request: HEAD https://huggingface.co/intfloat/multilingual-e5-small/resolve/main/1_Pooling/config.json "HTTP/1.1 307 Temporary Redirect"
HTTP Request: HEAD https://huggingface.co/api/resolve-cache/models/intfloat/multilingual-e5-small/614241f622f53c4eeff9890bdc4f31cfecc418b3/1_Pooling%2Fconfig.json "HTTP/1.1 200 OK"
HTTP Request: GET https://huggingface.co/api/models/intfloat/multilingual-e5-small "HTTP/1.1 200 OK"
{"model": "intfloat/multilingual-e5-small", "max_seq_length": 512, "dimensions": 384, "event": "embedding_model_loaded", "level": "info", "timestamp": "2026-07-13T18:54:42.660257Z"}
{"event": "checkpointer_ready", "level": "info", "timestamp": "2026-07-13T18:54:42.779579Z"}
{"event": "startup_complete", "level": "info", "timestamp": "2026-07-13T18:54:42.779579Z"}
Application startup complete.
Uvicorn running on http://0.0.0.0:8081 (Press CTRL+C to quit)
127.0.0.1:60539 - "GET /api/health HTTP/1.1" 200
